// Jest Snapshot v1, https://goo.gl/fbAQLP

exports[`UserProfileAvatar component renders correctly with user profile menu 1`] = `
<MenuOverlay
  className=""
  direction="bottom-left"
  focusFirstQuery=""
  isOpen={false}
  menuTrigger={
    <Connect(PresenceAvatar)
      avatarId="my-id"
      name="Snapshot User"
      onClick={[MockFunction]}
    />
  }
  onSelect={null}
  showArrow={true}
  targetOffset={
    Object {
      "vertical": 4,
    }
  }
>
  <MenuContent
    className=""
  >
    <div
      className="webex-recents-header-profile-menu menu"
    >
      <Avatar
        alt=""
        backgroundColor=""
        buttonClassName=""
        className={null}
        color=""
        failureBadge={false}
        hasNotification={false}
        hideDefaultTooltip={false}
        icon={null}
        initials={null}
        isDecrypting={false}
        isOverview={false}
        onClick={null}
        size={84}
        src="img"
        theme={null}
        title="Snapshot User"
        type=""
      />
      <div
        className="webex-recents-header-profile-menu-info info"
      >
        <h4>
          Snapshot User
           
        </h4>
        <h5>
          email
        </h5>
      </div>
    </div>
  </MenuContent>
  <ForwardRef(render)>
    <ForwardRef(render)
      className="webex-recents-header-profile-menu-signout signout"
      label="Sign Out"
      onClick={[MockFunction]}
    />
  </ForwardRef(render)>
</MenuOverlay>
`;

exports[`UserProfileAvatar component renders correctly without user profile menu 1`] = `
<Connect(PresenceAvatar)
  avatarId="my-id"
  name="Snapshot User"
  onClick={[MockFunction]}
/>
`;
