// Jest Snapshot v1, https://goo.gl/fbAQLP

exports[`ActivityMenuHeader component renders properly with one activity 1`] = `
<div
  className="webex-widget-header widgetHeader"
>
  <div
    className="webex-widget-close menuButton"
  >
    <Icon
      append={false}
      ariaLabel="Close"
      buttonClassName=""
      buttonProps={null}
      className=""
      color=""
      description=""
      name="icon-cancel_18"
      onClick={[MockFunction]}
      prepend={false}
      size={null}
      sizeOverride={false}
      style={null}
      title=""
      type=""
    />
  </div>
  <div
    className="webex-widget-title widgetTitle"
  >
    Widget Header
  </div>
  <div
    className="webex-widget-menu menuButton"
  />
</div>
`;

exports[`ActivityMenuHeader component renders properly with three activities 1`] = `
<div
  className="webex-widget-header widgetHeader"
>
  <div
    className="webex-widget-close menuButton"
  >
    <Icon
      append={false}
      ariaLabel="Close"
      buttonClassName=""
      buttonProps={null}
      className=""
      color=""
      description=""
      name="icon-cancel_18"
      onClick={[MockFunction]}
      prepend={false}
      size={null}
      sizeOverride={false}
      style={null}
      title=""
      type=""
    />
  </div>
  <div
    className="webex-widget-title widgetTitle"
  >
    Widget Header
  </div>
  <div
    className="webex-widget-menu menuButton"
  >
    <ForwardRef(render)
      ariaLabel="Main Menu"
      circle={true}
      onClick={[MockFunction]}
      size={32}
    >
      <Icon
        append={false}
        ariaLabel={null}
        buttonClassName=""
        buttonProps={null}
        className=""
        color="black"
        description=""
        name="icon-activities_16"
        onClick={null}
        prepend={false}
        size={null}
        sizeOverride={false}
        style={null}
        title=""
        type=""
      />
    </ForwardRef(render)>
  </div>
</div>
`;

exports[`ActivityMenuHeader component renders properly with two activities 1`] = `
<div
  className="webex-widget-header widgetHeader"
>
  <div
    className="webex-widget-close menuButton"
  >
    <Icon
      append={false}
      ariaLabel="Close"
      buttonClassName=""
      buttonProps={null}
      className=""
      color=""
      description=""
      name="icon-cancel_18"
      onClick={[MockFunction]}
      prepend={false}
      size={null}
      sizeOverride={false}
      style={null}
      title=""
      type=""
    />
  </div>
  <div
    className="webex-widget-title widgetTitle"
  >
    Widget Header
  </div>
  <div
    className="webex-widget-menu menuButton"
  />
</div>
`;
