// Jest Snapshot v1, https://goo.gl/fbAQLP

exports[`ActivityMenu component renders properly 1`] = `
<div
  className="webex-activity-menu activityMenu"
>
  <div
    className="webex-activity-menu-exit menuExit"
  >
    <ForwardRef(render)
      ariaLabel="Exit"
      circle={true}
      onClick={[Function]}
    >
      <Icon
        append={false}
        ariaLabel={null}
        buttonClassName=""
        buttonProps={null}
        className=""
        color=""
        description=""
        name="icon-cancel_16"
        onClick={null}
        prepend={false}
        size={null}
        sizeOverride={false}
        style={null}
        title=""
        type=""
      />
    </ForwardRef(render)>
  </div>
  <div
    className="webex-main-menu mainMenu"
  >
    <ButtonControls
      buttons={
        Array [
          Object {
            "buttonType": "chat",
            "label": "Message",
            "onClick": [MockFunction],
          },
          Object {
            "buttonType": "camera",
            "label": "Call",
            "onClick": [MockFunction],
          },
        ]
      }
      showLabels={true}
    />
  </div>
</div>
`;
