// Jest Snapshot v1, https://goo.gl/fbAQLP

exports[`ScrollToBottomButton component basic renders properly 1`] = `
<div
  className="webex-scroll-to-bottom-container container"
>
  <div
    className="webex-button-container buttonContainer"
  >
    <button
      aria-label=""
      className="webex-button button"
      onClick={[MockFunction]}
      onKeyPress={[Function]}
    >
      <div
        className="webex-scroll-to-bottom-icon icon"
      >
        <div
          className="webex-icon"
          title=""
        >
          <svg
            height="100%"
            style={
              Object {
                "display": "inline-block",
                "verticalAlign": "middle",
              }
            }
            viewBox="0 0 12 12"
            width="100%"
          >
            <path
              d="M0.500700764,9.99959 C0.363700764,9.99959 0.227700764,9.94359 0.128700764,9.83459 C-0.0562992361,9.62859 -0.0392992361,9.31259 0.165700764,9.12759 L4.75270076,4.99959 L0.165700764,0.87159 C-0.0392992361,0.68659 -0.0562992361,0.37059 0.128700764,0.16459 C0.313700764,-0.03941 0.629700764,-0.05641 0.834700764,0.12759 L5.83470076,4.62759 C5.94070076,4.72359 6.00070076,4.85759 6.00070076,4.99959 C6.00070076,5.14159 5.94070076,5.27559 5.83470076,5.37159 L0.834700764,9.87159 C0.739700764,9.95759 0.619700764,9.99959 0.500700764,9.99959"
              style={
                Object {
                  "fill": "black",
                }
              }
              transform="translate(3.000000, 1.000000)"
            />
          </svg>
        </div>
      </div>
    </button>
  </div>
</div>
`;

exports[`ScrollToBottomButton component with text renders properly 1`] = `
<div
  className="webex-scroll-to-bottom-container container withText"
>
  <div
    className="webex-button-container buttonContainer"
  >
    <button
      aria-label=""
      className="webex-button button"
      onClick={[MockFunction]}
      onKeyPress={[Function]}
    >
      <div
        className="webex-scroll-to-bottom-icon icon"
      >
        <div
          className="webex-icon"
          title=""
        >
          <svg
            height="100%"
            style={
              Object {
                "display": "inline-block",
                "verticalAlign": "middle",
              }
            }
            viewBox="0 0 12 12"
            width="100%"
          >
            <path
              d="M0.500700764,9.99959 C0.363700764,9.99959 0.227700764,9.94359 0.128700764,9.83459 C-0.0562992361,9.62859 -0.0392992361,9.31259 0.165700764,9.12759 L4.75270076,4.99959 L0.165700764,0.87159 C-0.0392992361,0.68659 -0.0562992361,0.37059 0.128700764,0.16459 C0.313700764,-0.03941 0.629700764,-0.05641 0.834700764,0.12759 L5.83470076,4.62759 C5.94070076,4.72359 6.00070076,4.85759 6.00070076,4.99959 C6.00070076,5.14159 5.94070076,5.27559 5.83470076,5.37159 L0.834700764,9.87159 C0.739700764,9.95759 0.619700764,9.99959 0.500700764,9.99959"
              style={
                Object {
                  "fill": "black",
                }
              }
              transform="translate(3.000000, 1.000000)"
            />
          </svg>
        </div>
      </div>
      <span
        className="webex-scroll-to-bottom-label label"
      >
        Test Label
      </span>
    </button>
  </div>
</div>
`;
