// Jest Snapshot v1, https://goo.gl/fbAQLP

exports[`ActivityItemPostActions component renders properly 1`] = `
<div
  className="webex-post-action-item postActionItem"
>
  <div
    className="webex-button-container buttonContainer"
  >
    <button
      aria-label="abc-123"
      className="webex-button button"
      onClick={[MockFunction]}
      onKeyPress={[Function]}
    >
      <div
        className="webex-button-icon buttonIcon"
      >
        <div
          className="webex-icon"
          title="abc-123"
        >
          <svg
            height="100%"
            style={
              Object {
                "display": "inline-block",
                "verticalAlign": "middle",
              }
            }
            viewBox="0 0 36 36"
            width="100%"
          >
            <path
              style={
                Object {
                  "fill": "black",
                }
              }
            />
          </svg>
        </div>
      </div>
    </button>
  </div>
</div>
`;
