// Jest Snapshot v1, https://goo.gl/fbAQLP

exports[`ComposerButtons component renders properly with attachFiles enabled 1`] = `
<div
  className="webex-message-composer-buttons buttonsArea"
>
  <ForwardRef(render)
    circle={true}
    onClick={[Function]}
    removeStyle={true}
    size={32}
  >
    <input
      className="webex-file-input fileInput"
      id="messageFileInput-FAKE_INPUT_ID"
      multiple="multiple"
      onChange={[Function]}
      type="file"
    />
    <label
      htmlFor="messageFileInput-FAKE_INPUT_ID"
    >
      <Icon
        append={false}
        ariaLabel="Attach Files"
        buttonClassName=""
        buttonProps={null}
        className=""
        color=""
        description=""
        name="attachment_16"
        onClick={null}
        prepend={false}
        size={null}
        sizeOverride={false}
        style={null}
        title=""
        type=""
      />
    </label>
  </ForwardRef(render)>
</div>
`;

exports[`ComposerButtons component renders properly with attachFiles enabled 2`] = `null`;
