// Jest Snapshot v1, https://goo.gl/fbAQLP

exports[`Button component renders properly with children 1`] = `
<div
  className="webex-button-container buttonContainer"
>
  <button
    aria-label="Children"
    className="webex-button button"
    onKeyPress={[Function]}
  >
    <div>
      Children
    </div>
  </button>
</div>
`;

exports[`Button component renders properly with icon type 1`] = `
<div
  className="webex-button-container buttonContainer"
>
  <button
    aria-label="delete"
    className="webex-button button"
    onClick={[MockFunction]}
    onKeyPress={[Function]}
  >
    <div
      className="webex-button-icon buttonIcon"
    >
      <div
        className="webex-icon"
        title="delete"
      >
        <svg
          height="100%"
          style={
            Object {
              "display": "inline-block",
              "verticalAlign": "middle",
            }
          }
          viewBox="0 0 36 36"
          width="100%"
        >
          <path
            style={
              Object {
                "fill": "white-100",
              }
            }
          />
        </svg>
      </div>
    </div>
  </button>
</div>
`;

exports[`Button component renders properly with icon type and color 1`] = `
<div
  className="webex-button-container buttonContainer"
>
  <button
    aria-label="delete"
    className="webex-button button"
    onClick={[MockFunction]}
    onKeyPress={[Function]}
  >
    <div
      className="webex-button-icon buttonIcon"
    >
      <div
        className="webex-icon"
        title="delete"
      >
        <svg
          height="100%"
          style={
            Object {
              "display": "inline-block",
              "verticalAlign": "middle",
            }
          }
          viewBox="0 0 36 36"
          width="100%"
        >
          <path
            style={
              Object {
                "fill": "purple",
              }
            }
          />
        </svg>
      </div>
    </div>
  </button>
</div>
`;

exports[`Button component renders properly with label 1`] = `
<div
  className="webex-button-container buttonContainer"
>
  <button
    aria-label="button label"
    className="webex-button button"
    onKeyPress={[Function]}
  >
    button label
  </button>
</div>
`;

exports[`Button component renders properly with label and position 1`] = `
<div
  className="webex-button-container buttonContainer"
>
  <button
    aria-label="button label"
    className="webex-button button"
    onKeyPress={[Function]}
  />
  <div
    className="webex-label label labelBottom"
  >
    button label
  </div>
</div>
`;
