// Jest Snapshot v1, https://goo.gl/fbAQLP

exports[`ConfirmationModal component renders properly 1`] = `
<div>
  <div
    aria-modal="true"
    className="webex-dialogue-modal dialogueModal"
    role="dialog"
    tabIndex="-1"
  >
    <div
      className="webex-dialogue-modal-body dialogModalBody"
    >
      <div
        className="webex-dialogue-modal-title-text dialogueModalTitleText"
      />
      <div
        className="webex-dialogue-modal-body-subtext dialogueModalBodySubtext"
      />
      <button
        className="dialogue-modal-btn dialogue-modal-action-btn dialogueModalBtn dialogueModalActionBtn"
        onClick={[MockFunction]}
        title=""
      />
      <button
        className="dialogue-modal-btn dialogue-modal-exit-btn dialogueModalBtn dialogueModalExitBtn"
        onClick={[MockFunction]}
        title=""
      />
    </div>
  </div>
  <div
    className="webex-dialogue-modal-backdrop dialogueModalBackdrop"
  />
</div>
`;
