// Jest Snapshot v1, https://goo.gl/fbAQLP

exports[`ActivityShareFile component renders properly 1`] = `
<div
  className="webex-activity-share-item shareItem"
>
  <div
    className="webex-share-file-icon fileIcon"
  >
    <Icon
      append={false}
      ariaLabel={null}
      buttonClassName=""
      buttonProps={null}
      className=""
      color=""
      description=""
      name="icon-document_32"
      onClick={null}
      prepend={false}
      size={null}
      sizeOverride={false}
      style={null}
      title=""
      type=""
    />
  </div>
  <div
    className="webex-share-meta meta"
  >
    <div
      className="webex-share-file-info fileInfo"
    >
      <div
        className="webex-share-name fileName"
      >
        testImage.js
      </div>
      <div
        className="webex-share-file-props fileProps"
      >
        <span
          className="webex-share-file-size fileSize"
        >
          0 Bytes
        </span>
        <span
          className="webex-share-file-type fileType"
        />
      </div>
    </div>
  </div>
  <div
    className="webex-share-item-actions shareActions"
  >
    <div
      className="webex-share-action-item shareActionItem"
    >
      <ForwardRef(render)
        ariaLabel="Download testImage.js"
        circle={true}
        onClick={[Function]}
        size={32}
        style={
          Object {
            "backgroundColor": "black",
          }
        }
      >
        <Icon
          append={false}
          ariaLabel={null}
          buttonClassName=""
          buttonProps={null}
          className=""
          color="white"
          description=""
          name="icon-arrow-tail-down_12"
          onClick={null}
          prepend={false}
          size={null}
          sizeOverride={false}
          style={null}
          title=""
          type=""
        />
      </ForwardRef(render)>
    </div>
  </div>
</div>
`;

exports[`ActivityShareFile component renders properly while pending 1`] = `
<div
  className="webex-activity-share-item shareItem"
>
  <div
    className="webex-share-file-icon fileIcon"
  >
    <Icon
      append={false}
      ariaLabel={null}
      buttonClassName=""
      buttonProps={null}
      className=""
      color=""
      description=""
      name="icon-document_32"
      onClick={null}
      prepend={false}
      size={null}
      sizeOverride={false}
      style={null}
      title=""
      type=""
    />
  </div>
  <div
    className="webex-share-meta meta"
  >
    <div
      className="webex-share-file-info fileInfo"
    >
      <div
        className="webex-share-name fileName"
      >
        testImage.js
      </div>
      <div
        className="webex-share-file-props fileProps"
      >
        <span
          className="webex-share-file-size fileSize"
        >
          0 Bytes
        </span>
        <span
          className="webex-share-file-type fileType"
        />
      </div>
    </div>
  </div>
</div>
`;
